[    1989ms] [INFO] <Suspense> is an experimental feature and its API will likely change. @ http://localhost:3000/_nuxt/@fs/Users/matt/dev/pypx/web/node_modules/.pnpm/@vue+runtime-core@3.5.32/node_modules/@vue/runtime-core/dist/runtime-core.esm-bundler.js?v=e840db51:7234
[    1990ms] [WARNING] [nuxt] Could not access `apiBase`. The only available runtime config keys on the client side are `public` and `app`. See https://nuxt.com/docs/4.x/guide/going-further/runtime-config for more information. @ http://localhost:3000/_nuxt/@fs/Users/matt/dev/pypx/web/node_modules/.pnpm/nuxt@4.4.2_@babel+core@7.29.0_@babel+plugin-syntax-jsx@7.28.6_@babel+core@7.29.0__@emna_a7b0c2cc68f8d4b2be22c17269f061a5/node_modules/nuxt/dist/app/nuxt.js?v=e840db51:276
[    2010ms] [LOG] ✨ %cNuxt DevTools %c Press Shift + Option + D to open DevTools color: black; border-radius: 3px 0 0 3px; padding: 2px 2px 1px 10px; background: #00DC82 border-radius: 0 3px 3px 0; padding: 2px 10px 1px 2px; background: #00DC8220  @ http://localhost:3000/_nuxt/@fs/Users/matt/dev/pypx/web/node_modules/.pnpm/@nuxt+devtools@3.2.4_vite@8.0.8_@types+node@25.5.2_esbuild@0.27.7_jiti@2.6.1_terser@5.4_78906b0ee26e6fef11d497fcfbe434cb/node_modules/@nuxt/devtools/dist/runtime/plugins/devtools.client.js?v=e840db51:51
[  119978ms] [ERROR] Failed to load resource: the server responded with a status of 404 (Not Found) @ http://localhost:3000/_nuxt/components/PackageMaintainers.vue?t=1776023596162:0
[  119979ms] [ERROR] [vite] Failed to reload /components/PackageMaintainers.vue. This could be due to syntax errors or importing non-existent modules. (see errors above) @ http://localhost:3000/_nuxt/@vite/client:808
[  120048ms] [ERROR] Failed to load resource: the server responded with a status of 404 (Not Found) @ http://localhost:3000/_nuxt/components/PackagePlatforms.vue?t=1776023596164:0
[  120048ms] [ERROR] [vite] Failed to reload /components/PackagePlatforms.vue. This could be due to syntax errors or importing non-existent modules. (see errors above) @ http://localhost:3000/_nuxt/@vite/client:808
[  120163ms] [WARNING] [nuxt] [useAsyncData] Incompatible options detected for "package-requests" (used at http://localhost:3000/_nuxt/pages/packages/[name].vue?t=1776023596180:23:82):
- different handler
You can use a different key or move the call to a composable to ensure the options are shared across calls. @ http://localhost:3000/_nuxt/@fs/Users/matt/dev/pypx/web/node_modules/.pnpm/nuxt@4.4.2_@babel+core@7.29.0_@babel+plugin-syntax-jsx@7.28.6_@babel+core@7.29.0__@emna_a7b0c2cc68f8d4b2be22c17269f061a5/node_modules/nuxt/dist/app/composables/asyncData.js?v=e840db51:78
[  120178ms] [ERROR] Failed to load resource: the server responded with a status of 404 (Not Found) @ http://localhost:3000/_nuxt/components/PackagePlatforms.vue?t=1776023596193:0
[  120178ms] [ERROR] [vite] Failed to reload /components/PackagePlatforms.vue. This could be due to syntax errors or importing non-existent modules. (see errors above) @ http://localhost:3000/_nuxt/@vite/client:808
[  120178ms] [ERROR] Failed to load resource: the server responded with a status of 404 (Not Found) @ http://localhost:3000/_nuxt/components/PackageMaintainers.vue?t=1776023596193:0
[  120178ms] [ERROR] [vite] Failed to reload /components/PackageMaintainers.vue. This could be due to syntax errors or importing non-existent modules. (see errors above) @ http://localhost:3000/_nuxt/@vite/client:808
[  120431ms] [LOG] %cssr:success%c Vite server hmr 30 files 
      background: #2ecc71;
      border-radius: 0.5em;
      color: white;
      font-weight: bold;
      padding: 2px 0.5em;
      in 0.318ms 
  at vite_node_entry_default (node_modules/.pnpm/@nuxt+vite-builder@4.4.2_@babel+plugin-syntax-jsx@7.28.6_@babel+core@7.29.0__@types+nod_17825a70d40a8affd174528caf1bd226/node_modules/@nuxt/vite-builder/dist/vite-node-entry.mjs)
  at process.processTicksAndRejections (node:internal/process/task_queues)
  at async Object.renderToString (node_modules/.pnpm/vue-bundle-renderer@2.2.0/node_modules/vue-bundle-renderer/dist/runtime.mjs)
 @ http://localhost:3000/_nuxt/@fs/Users/matt/dev/pypx/web/node_modules/.pnpm/consola@3.4.2/node_modules/consola/dist/browser.mjs?v=e840db51:47
[  120434ms] [INFO] <Suspense> is an experimental feature and its API will likely change. @ http://localhost:3000/_nuxt/@fs/Users/matt/dev/pypx/web/node_modules/.pnpm/@vue+runtime-core@3.5.32/node_modules/@vue/runtime-core/dist/runtime-core.esm-bundler.js?v=e840db51:7234
[  120456ms] [LOG] ✨ %cNuxt DevTools %c Press Shift + Option + D to open DevTools color: black; border-radius: 3px 0 0 3px; padding: 2px 2px 1px 10px; background: #00DC82 border-radius: 0 3px 3px 0; padding: 2px 10px 1px 2px; background: #00DC8220  @ http://localhost:3000/_nuxt/@fs/Users/matt/dev/pypx/web/node_modules/.pnpm/@nuxt+devtools@3.2.4_vite@8.0.8_@types+node@25.5.2_esbuild@0.27.7_jiti@2.6.1_terser@5.4_78906b0ee26e6fef11d497fcfbe434cb/node_modules/@nuxt/devtools/dist/runtime/plugins/devtools.client.js?v=e840db51:51
[  120885ms] [WARNING] [nuxt] Could not access `apiBase`. The only available runtime config keys on the client side are `public` and `app`. See https://nuxt.com/docs/4.x/guide/going-further/runtime-config for more information. @ http://localhost:3000/_nuxt/@fs/Users/matt/dev/pypx/web/node_modules/.pnpm/nuxt@4.4.2_@babel+core@7.29.0_@babel+plugin-syntax-jsx@7.28.6_@babel+core@7.29.0__@emna_a7b0c2cc68f8d4b2be22c17269f061a5/node_modules/nuxt/dist/app/nuxt.js?v=e840db51:276
[  120888ms] [WARNING] [nuxt] [useAsyncData] Incompatible options detected for "package-requests" (used at http://localhost:3000/_nuxt/pages/packages/[name].vue?t=1776023596934:23:82):
- different handler
You can use a different key or move the call to a composable to ensure the options are shared across calls. @ http://localhost:3000/_nuxt/@fs/Users/matt/dev/pypx/web/node_modules/.pnpm/nuxt@4.4.2_@babel+core@7.29.0_@babel+plugin-syntax-jsx@7.28.6_@babel+core@7.29.0__@emna_a7b0c2cc68f8d4b2be22c17269f061a5/node_modules/nuxt/dist/app/composables/asyncData.js?v=e840db51:78
[  121179ms] [INFO] <Suspense> is an experimental feature and its API will likely change. @ http://localhost:3000/_nuxt/@fs/Users/matt/dev/pypx/web/node_modules/.pnpm/@vue+runtime-core@3.5.32/node_modules/@vue/runtime-core/dist/runtime-core.esm-bundler.js?v=e840db51:7234
[  121180ms] [WARNING] [nuxt] Could not access `apiBase`. The only available runtime config keys on the client side are `public` and `app`. See https://nuxt.com/docs/4.x/guide/going-further/runtime-config for more information. @ http://localhost:3000/_nuxt/@fs/Users/matt/dev/pypx/web/node_modules/.pnpm/nuxt@4.4.2_@babel+core@7.29.0_@babel+plugin-syntax-jsx@7.28.6_@babel+core@7.29.0__@emna_a7b0c2cc68f8d4b2be22c17269f061a5/node_modules/nuxt/dist/app/nuxt.js?v=e840db51:276
[  121196ms] [LOG] ✨ %cNuxt DevTools %c Press Shift + Option + D to open DevTools color: black; border-radius: 3px 0 0 3px; padding: 2px 2px 1px 10px; background: #00DC82 border-radius: 0 3px 3px 0; padding: 2px 10px 1px 2px; background: #00DC8220  @ http://localhost:3000/_nuxt/@fs/Users/matt/dev/pypx/web/node_modules/.pnpm/@nuxt+devtools@3.2.4_vite@8.0.8_@types+node@25.5.2_esbuild@0.27.7_jiti@2.6.1_terser@5.4_78906b0ee26e6fef11d497fcfbe434cb/node_modules/@nuxt/devtools/dist/runtime/plugins/devtools.client.js?v=e840db51:51
